// Jest Snapshot v1, https://goo.gl/fbAQLP

exports[`renders Form correctly 1`] = `
<form
  className="form"
>
  <div
    className="form__title"
  >
    <div
      className="form__header text text_type_h2 text_size_15-20"
    >
      Settings
    </div>
    <div
      className="form__subheader text text_type_h3 text_size_13-18 text_view_ghost"
    >
      Configure repository connection and synchronization settings.
    </div>
  </div>
  <div
    className="form__items"
  >
    <div
      className="form__item form__item_indent-t_xl"
    >
      <div
        className="input__group input__group_vertical"
      >
        <label
          className="input__label input__label_required"
          htmlFor="repository"
        >
          <span
            className="text text_size_13-18 text_type_h2"
          >
            Github repository
          </span>
        </label>
        <div
          className="input__controls"
        >
          <input
            className="input input_status_invalid input_width_full input_size_m text text_size_13-15"
            id="repoName"
            name="repoName"
            placeholder="username/reponame"
          />
          <div
            className="input__controls-append"
          >
            <button
              className="button button_size_m button_distribute_center button_view_control"
              disabled={false}
              onClick={[Function]}
              type="button"
            >
              <span
                className="icon icon_size_m"
              >
                <svg
                  height="16"
                  viewBox="0 0 16 16"
                  width="16"
                  xmlns="http://www.w3.org/2000/svg"
                >
                  <path
                    d="M8 16C3.6 16 0 12.4 0 8C0 3.6 3.6 0 8 0C12.4 0 16 3.6 16 8C16 12.4 12.4 16 8 16ZM12 5.12L10.88 4L8 6.88L5.12 4L4 5.12L6.88 8L4 10.88L5.12 12L8 9.12L10.88 12L12 10.88L9.12 8L12 5.12Z"
                  />
                </svg>
              </span>
            </button>
          </div>
        </div>
        <span
          className="text text_size_13-18 text_type_h2 text_view_error"
        >
          Field is required
        </span>
      </div>
    </div>
    <div
      className="form__item form__item_indent-t_xl"
    >
      <div
        className="input__group input__group_vertical"
      >
        <label
          className="input__label input__label_required"
          htmlFor="repository"
        >
          <span
            className="text text_size_13-18 text_type_h2"
          >
            Build command
          </span>
        </label>
        <div
          className="input__controls"
        >
          <input
            className="input input_status_invalid input_width_full input_size_m text text_size_13-15"
            id="buildCommand"
            name="buildCommand"
            placeholder="npm run build"
          />
          <div
            className="input__controls-append"
          >
            <button
              className="button button_size_m button_distribute_center button_view_control"
              disabled={false}
              onClick={[Function]}
              type="button"
            >
              <span
                className="icon icon_size_m"
              >
                <svg
                  height="16"
                  viewBox="0 0 16 16"
                  width="16"
                  xmlns="http://www.w3.org/2000/svg"
                >
                  <path
                    d="M8 16C3.6 16 0 12.4 0 8C0 3.6 3.6 0 8 0C12.4 0 16 3.6 16 8C16 12.4 12.4 16 8 16ZM12 5.12L10.88 4L8 6.88L5.12 4L4 5.12L6.88 8L4 10.88L5.12 12L8 9.12L10.88 12L12 10.88L9.12 8L12 5.12Z"
                  />
                </svg>
              </span>
            </button>
          </div>
        </div>
        <span
          className="text text_size_13-18 text_type_h2 text_view_error"
        >
          Field is required
        </span>
      </div>
    </div>
    <div
      className="form__item form__item_indent-t_xl"
    >
      <div
        className="input__group input__group_vertical"
      >
        <label
          className="input__label input__label_required"
          htmlFor="repository"
        >
          <span
            className="text text_size_13-18 text_type_h2"
          >
            Main branch
          </span>
        </label>
        <div
          className="input__controls"
        >
          <input
            className="input input_status_invalid input_width_full input_size_m text text_size_13-15"
            id="mainBranch"
            name="mainBranch"
            placeholder="master"
          />
          <div
            className="input__controls-append"
          >
            <button
              className="button button_size_m button_distribute_center button_view_control"
              disabled={false}
              onClick={[Function]}
              type="button"
            >
              <span
                className="icon icon_size_m"
              >
                <svg
                  height="16"
                  viewBox="0 0 16 16"
                  width="16"
                  xmlns="http://www.w3.org/2000/svg"
                >
                  <path
                    d="M8 16C3.6 16 0 12.4 0 8C0 3.6 3.6 0 8 0C12.4 0 16 3.6 16 8C16 12.4 12.4 16 8 16ZM12 5.12L10.88 4L8 6.88L5.12 4L4 5.12L6.88 8L4 10.88L5.12 12L8 9.12L10.88 12L12 10.88L9.12 8L12 5.12Z"
                  />
                </svg>
              </span>
            </button>
          </div>
        </div>
        <span
          className="text text_size_13-18 text_type_h2 text_view_error"
        >
          Field is required
        </span>
      </div>
    </div>
    <div
      className="form__item form__item_indent-t_xl"
    >
      <div
        className="input__group"
      >
        <label
          className="input__label"
          htmlFor="period"
        >
          <span
            className="text text_size_13-18 text_type_h2"
          >
            Synchronize every
          </span>
        </label>
        <div
          className="input__controls"
        >
          <input
            className="input input_status_invalid input_width_52 input_size_m text text_size_13-15"
            id="period"
            name="period"
            placeholder="10"
          />
          <div
            className="input__controls-append"
          >
            <span
              className="text text_size_13-18"
            >
              minutes
            </span>
          </div>
        </div>
      </div>
      <span
        className="text text_size_13-18 text_type_h2 text_view_error"
      >
        Field is required
      </span>
      <span
        className="text text_size_13-18 text_type_h2 text_view_error"
      >
        Field is required
      </span>
    </div>
  </div>
  <div
    className="form__controls"
  >
    <button
      className="button button_size_m button_view_action"
      disabled={false}
      onClick={[Function]}
      type="button"
    >
      <div
        className="button__text"
      >
        Save
      </div>
    </button>
    <button
      className="button button_size_m button_view_control"
      disabled={false}
      onClick={[Function]}
      type="button"
    >
      <div
        className="button__text"
      >
        Cancel
      </div>
    </button>
  </div>
</form>
`;
